#! /usr/bin/vvp
:ivl_version "12.0 (stable)";
:ivl_delay_selection "TYPICAL";
:vpi_time_precision - 12;
:vpi_module "/usr/lib/x86_64-linux-gnu/ivl/system.vpi";
:vpi_module "/usr/lib/x86_64-linux-gnu/ivl/vhdl_sys.vpi";
:vpi_module "/usr/lib/x86_64-linux-gnu/ivl/vhdl_textio.vpi";
:vpi_module "/usr/lib/x86_64-linux-gnu/ivl/v2005_math.vpi";
:vpi_module "/usr/lib/x86_64-linux-gnu/ivl/va_math.vpi";
:vpi_module "/usr/lib/x86_64-linux-gnu/ivl/v2009.vpi";
S_0x558443916520 .scope package, "$unit" "$unit" 2 1;
 .timescale 0 0;
S_0x558443886490 .scope module, "tb_lphy_sb_crc" "tb_lphy_sb_crc" 3 56;
 .timescale -9 -12;
P_0x55844391aa70 .param/l "CP_BIT" 1 3 75, C4<00000000000000000000000000110100>;
P_0x55844391aab0 .param/l "CP_MASK" 1 3 79, C4<0000000000010000000000000000000000000000000000000000000000000000>;
P_0x55844391aaf0 .param/l "DP_BIT" 1 3 76, C4<00000000000000000000000000110011>;
P_0x55844391ab30 .param/l "DP_MASK" 1 3 80, C4<0000000000001000000000000000000000000000000000000000000000000000>;
P_0x55844391ab70 .param/l "PARITY_CLEAR_MASK" 1 3 81, C4<1111111111100111111111111111111111111111111111111111111111111111>;
v0x558443968d00_0 .var "cp_a1", 0 0;
v0x558443968de0_0 .var "cp_a2", 0 0;
v0x558443968ea0_0 .var "cp_a3", 0 0;
v0x558443968f40_0 .net "cp_out", 0 0, L_0x55844397ab50;  1 drivers
v0x558443969010_0 .var "dat_a2", 63 0;
v0x5584439690d0_0 .var "dat_a3", 63 0;
v0x5584439691b0_0 .var "data_in", 63 0;
v0x558443969270_0 .var "dp_a1", 0 0;
v0x558443969310_0 .var "dp_a2", 0 0;
v0x5584439693d0_0 .var "dp_a3", 0 0;
v0x558443969490_0 .net "dp_out", 0 0, L_0x55844397ac90;  1 drivers
v0x558443969560_0 .var/2s "fail_count", 31 0;
v0x558443969620_0 .var "has_data", 0 0;
v0x5584439696f0_0 .var "hdr_a1", 63 0;
v0x5584439697b0_0 .var "hdr_a2", 63 0;
v0x558443969890_0 .var "hdr_a3", 63 0;
v0x558443969970_0 .var "hdr_in", 63 0;
v0x558443969b70_0 .var "mode_tx", 0 0;
v0x558443969c40_0 .net "parity_err", 0 0, L_0x55844397b0c0;  1 drivers
v0x558443969d10_0 .var/2s "pass_count", 31 0;
S_0x5584438fe3b0 .scope autotask, "apply" "apply" 3 134, 3 134 0, S_0x558443886490;
 .timescale -9 -12;
v0x5584439345a0_0 .var "d", 63 0;
v0x558443960d00_0 .var "h", 63 0;
v0x558443960de0_0 .var "hd", 0 0;
v0x558443960e80_0 .var "tx", 0 0;
TD_tb_lphy_sb_crc.apply ;
    %load/vec4 v0x558443960d00_0;
    %store/vec4 v0x558443969970_0, 0, 64;
    %load/vec4 v0x5584439345a0_0;
    %store/vec4 v0x5584439691b0_0, 0, 64;
    %load/vec4 v0x558443960de0_0;
    %store/vec4 v0x558443969620_0, 0, 1;
    %load/vec4 v0x558443960e80_0;
    %store/vec4 v0x558443969b70_0, 0, 1;
    %delay 1000, 0;
    %end;
S_0x558443960f40 .scope begin, "blk_a5" "blk_a5" 3 340, 3 340 0, S_0x558443886490;
 .timescale -9 -12;
v0x558443961140_0 .var "h5", 63 0;
S_0x558443961220 .scope begin, "blk_b1" "blk_b1" 3 365, 3 365 0, S_0x558443886490;
 .timescale -9 -12;
v0x558443961400_0 .var "rh", 63 0;
S_0x5584439614e0 .scope begin, "blk_b2" "blk_b2" 3 372, 3 372 0, S_0x558443886490;
 .timescale -9 -12;
v0x5584439616c0_0 .var "rh", 63 0;
S_0x5584439617c0 .scope begin, "blk_b3" "blk_b3" 3 379, 3 379 0, S_0x558443886490;
 .timescale -9 -12;
v0x5584439619f0_0 .var "rh", 63 0;
S_0x558443961af0 .scope begin, "blk_c1" "blk_c1" 3 395, 3 395 0, S_0x558443886490;
 .timescale -9 -12;
v0x558443961cd0_0 .var "rh", 63 0;
S_0x558443961dd0 .scope begin, "blk_c2" "blk_c2" 3 406, 3 406 0, S_0x558443886490;
 .timescale -9 -12;
v0x558443961fb0_0 .var "rh", 63 0;
S_0x5584439620b0 .scope begin, "blk_c3" "blk_c3" 3 417, 3 417 0, S_0x558443886490;
 .timescale -9 -12;
v0x558443962290_0 .var "rh", 63 0;
S_0x558443962390 .scope begin, "blk_c4" "blk_c4" 3 429, 3 429 0, S_0x558443886490;
 .timescale -9 -12;
v0x558443962570_0 .var "rd", 63 0;
v0x558443962670_0 .var "rh", 63 0;
S_0x558443962750 .scope begin, "blk_c5" "blk_c5" 3 440, 3 440 0, S_0x558443886490;
 .timescale -9 -12;
v0x5584439628e0_0 .var "rh", 63 0;
S_0x5584439629e0 .scope begin, "blk_c6" "blk_c6" 3 454, 3 454 0, S_0x558443886490;
 .timescale -9 -12;
v0x558443962bc0_0 .var "rh", 63 0;
S_0x558443962cc0 .scope begin, "blk_c7" "blk_c7" 3 475, 3 475 0, S_0x558443886490;
 .timescale -9 -12;
v0x558443962ea0_0 .var "rh", 63 0;
S_0x558443962fa0 .scope begin, "blk_d1" "blk_d1" 3 512, 3 512 0, S_0x558443886490;
 .timescale -9 -12;
v0x558443963180_0 .var "exp_cp_clean", 0 0;
v0x558443963260_0 .var "exp_cp_dirty", 0 0;
v0x558443963320_0 .var "h_clean", 63 0;
v0x5584439633e0_0 .var "h_dirty", 63 0;
S_0x5584439634c0 .scope begin, "blk_d2" "blk_d2" 3 559, 3 559 0, S_0x558443886490;
 .timescale -9 -12;
v0x5584439636a0_0 .var "exp_cp_clean", 0 0;
v0x558443963780_0 .var "exp_cp_dirty", 0 0;
v0x558443963840_0 .var "h_clean", 63 0;
v0x558443963900_0 .var "h_dirty", 63 0;
S_0x5584439639e0 .scope begin, "blk_d3" "blk_d3" 3 590, 3 590 0, S_0x558443886490;
 .timescale -9 -12;
v0x558443963bc0_0 .var "exp_cp", 0 0;
v0x558443963ca0_0 .var "h_clean", 63 0;
v0x558443963d80_0 .var "h_dirty", 63 0;
S_0x558443963e70 .scope begin, "blk_random" "blk_random" 3 622, 3 622 0, S_0x558443886490;
 .timescale -9 -12;
v0x558443964050_0 .var/2s "flip_bit", 31 0;
v0x558443964150_0 .var/2s "i", 31 0;
v0x558443964230_0 .var "rnd_cp", 0 0;
v0x558443964300_0 .var "rnd_d", 63 0;
v0x5584439643e0_0 .var "rnd_dp", 0 0;
v0x5584439644f0_0 .var "rnd_h", 63 0;
v0x5584439645d0_0 .var "rnd_hd", 0 0;
v0x558443964690_0 .var "rx_h", 63 0;
v0x558443964770_0 .var "rx_h_bad", 63 0;
S_0x5584439648e0 .scope autotask, "check_rx_err" "check_rx_err" 3 227, 3 227 0, S_0x558443886490;
 .timescale -9 -12;
v0x558443964a70_0 .var "d", 63 0;
v0x558443964b70_0 .var "h", 63 0;
v0x558443964c50_0 .var "hd", 0 0;
v0x558443964cf0_0 .var/str "name";
TD_tb_lphy_sb_crc.check_rx_err ;
    %load/vec4 v0x558443969c40_0;
    %cmpi/ne 1, 0, 1;
    %jmp/0xz  T_1.0, 6;
    %vpi_call/w 3 234 "$display", "  FAIL [%s] parity_err=0 for corrupted packet (should be 1)  hdr=0x%016h", v0x558443964cf0_0, v0x558443964b70_0 {0 0 0};
    ; show_stmt_assign_vector: Get l-value for compressed += operand
    %load/vec4 v0x558443969560_0;
    %pushi/vec4 1, 0, 32;
    %add;
    %cast2;
    %store/vec4 v0x558443969560_0, 0, 32;
    %jmp T_1.1;
T_1.0 ;
    ; show_stmt_assign_vector: Get l-value for compressed += operand
    %load/vec4 v0x558443969d10_0;
    %pushi/vec4 1, 0, 32;
    %add;
    %cast2;
    %store/vec4 v0x558443969d10_0, 0, 32;
T_1.1 ;
    %load/vec4 v0x558443969c40_0;
    %cmpi/e 1, 0, 1;
    %flag_mov 8, 6;
    %jmp/0 T_1.2, 8;
    %pushi/vec4 1346458451, 0, 32; draw_string_vec4
    %jmp/1 T_1.3, 8;
T_1.2 ; End of true expr.
    %pushi/vec4 1178683724, 0, 32; draw_string_vec4
    %jmp/0 T_1.3, 8;
 ; End of false expr.
    %blend;
T_1.3;
    %vpi_call/w 3 239 "$display", "  RX [%s] hdr=0x%016h data=0x%016h \342\206\222 err=%b  [%s]", v0x558443964cf0_0, v0x558443964b70_0, v0x558443964a70_0, v0x558443969c40_0, S<0,vec4,u32> {1 0 0};
    %end;
S_0x558443964db0 .scope autotask, "check_rx_ok" "check_rx_ok" 3 208, 3 208 0, S_0x558443886490;
 .timescale -9 -12;
v0x558443964f90_0 .var "d", 63 0;
v0x558443965090_0 .var "h", 63 0;
v0x558443965170_0 .var "hd", 0 0;
v0x558443965240_0 .var/str "name";
TD_tb_lphy_sb_crc.check_rx_ok ;
    %load/vec4 v0x558443969c40_0;
    %cmpi/ne 0, 0, 1;
    %jmp/0xz  T_2.4, 6;
    %vpi_call/w 3 215 "$display", "  FAIL [%s] parity_err=1 for valid packet  hdr=0x%016h", v0x558443965240_0, v0x558443965090_0 {0 0 0};
    ; show_stmt_assign_vector: Get l-value for compressed += operand
    %load/vec4 v0x558443969560_0;
    %pushi/vec4 1, 0, 32;
    %add;
    %cast2;
    %store/vec4 v0x558443969560_0, 0, 32;
    %jmp T_2.5;
T_2.4 ;
    ; show_stmt_assign_vector: Get l-value for compressed += operand
    %load/vec4 v0x558443969d10_0;
    %pushi/vec4 1, 0, 32;
    %add;
    %cast2;
    %store/vec4 v0x558443969d10_0, 0, 32;
T_2.5 ;
    %load/vec4 v0x558443969c40_0;
    %cmpi/e 0, 0, 1;
    %flag_mov 8, 6;
    %jmp/0 T_2.6, 8;
    %pushi/vec4 1346458451, 0, 32; draw_string_vec4
    %jmp/1 T_2.7, 8;
T_2.6 ; End of true expr.
    %pushi/vec4 1178683724, 0, 32; draw_string_vec4
    %jmp/0 T_2.7, 8;
 ; End of false expr.
    %blend;
T_2.7;
    %vpi_call/w 3 219 "$display", "  RX [%s] hdr=0x%016h data=0x%016h \342\206\222 err=%b  [%s]", v0x558443965240_0, v0x558443965090_0, v0x558443964f90_0, v0x558443969c40_0, S<0,vec4,u32> {1 0 0};
    %end;
S_0x558443965300 .scope autotask, "check_tx" "check_tx" 3 151, 3 151 0, S_0x558443886490;
 .timescale -9 -12;
v0x5584439654e0_0 .var "d", 63 0;
v0x5584439655e0_0 .var "exp_cp", 0 0;
v0x5584439656a0_0 .var "exp_dp", 0 0;
v0x558443965770_0 .var "h", 63 0;
v0x558443965850_0 .var "hd", 0 0;
v0x558443965960_0 .var/str "name";
TD_tb_lphy_sb_crc.check_tx ;
    %alloc S_0x558443966070;
    %load/vec4 v0x558443965770_0;
    %load/vec4 v0x5584439654e0_0;
    %load/vec4 v0x558443965850_0;
    %store/vec4 v0x558443966430_0, 0, 1;
    %store/vec4 v0x558443966250_0, 0, 64;
    %store/vec4 v0x558443966350_0, 0, 64;
    %callf/vec4 TD_tb_lphy_sb_crc.ref_cp, S_0x558443966070;
    %free S_0x558443966070;
    %store/vec4 v0x5584439655e0_0, 0, 1;
    %alloc S_0x5584439666c0;
    %load/vec4 v0x5584439654e0_0;
    %load/vec4 v0x558443965850_0;
    %store/vec4 v0x5584439669a0_0, 0, 1;
    %store/vec4 v0x5584439668a0_0, 0, 64;
    %callf/vec4 TD_tb_lphy_sb_crc.ref_dp, S_0x5584439666c0;
    %free S_0x5584439666c0;
    %store/vec4 v0x5584439656a0_0, 0, 1;
    %load/vec4 v0x558443969c40_0;
    %cmpi/ne 0, 0, 1;
    %jmp/0xz  T_3.8, 6;
    %vpi_call/w 3 163 "$display", "  FAIL [%s] parity_err=%b in TX mode (must be 0)", v0x558443965960_0, v0x558443969c40_0 {0 0 0};
    ; show_stmt_assign_vector: Get l-value for compressed += operand
    %load/vec4 v0x558443969560_0;
    %pushi/vec4 1, 0, 32;
    %add;
    %cast2;
    %store/vec4 v0x558443969560_0, 0, 32;
    %jmp T_3.9;
T_3.8 ;
    ; show_stmt_assign_vector: Get l-value for compressed += operand
    %load/vec4 v0x558443969d10_0;
    %pushi/vec4 1, 0, 32;
    %add;
    %cast2;
    %store/vec4 v0x558443969d10_0, 0, 32;
T_3.9 ;
    %load/vec4 v0x558443968f40_0;
    %load/vec4 v0x5584439655e0_0;
    %cmp/ne;
    %jmp/0xz  T_3.10, 6;
    %vpi_call/w 3 169 "$display", "  FAIL [%s] cp_out=%b expected=%b  hdr=0x%016h", v0x558443965960_0, v0x558443968f40_0, v0x5584439655e0_0, v0x558443965770_0 {0 0 0};
    ; show_stmt_assign_vector: Get l-value for compressed += operand
    %load/vec4 v0x558443969560_0;
    %pushi/vec4 1, 0, 32;
    %add;
    %cast2;
    %store/vec4 v0x558443969560_0, 0, 32;
    %jmp T_3.11;
T_3.10 ;
    ; show_stmt_assign_vector: Get l-value for compressed += operand
    %load/vec4 v0x558443969d10_0;
    %pushi/vec4 1, 0, 32;
    %add;
    %cast2;
    %store/vec4 v0x558443969d10_0, 0, 32;
T_3.11 ;
    %load/vec4 v0x558443969490_0;
    %load/vec4 v0x5584439656a0_0;
    %cmp/ne;
    %jmp/0xz  T_3.12, 6;
    %vpi_call/w 3 176 "$display", "  FAIL [%s] dp_out=%b expected=%b  data=0x%016h has_data=%b", v0x558443965960_0, v0x558443969490_0, v0x5584439656a0_0, v0x5584439654e0_0, v0x558443965850_0 {0 0 0};
    ; show_stmt_assign_vector: Get l-value for compressed += operand
    %load/vec4 v0x558443969560_0;
    %pushi/vec4 1, 0, 32;
    %add;
    %cast2;
    %store/vec4 v0x558443969560_0, 0, 32;
    %jmp T_3.13;
T_3.12 ;
    ; show_stmt_assign_vector: Get l-value for compressed += operand
    %load/vec4 v0x558443969d10_0;
    %pushi/vec4 1, 0, 32;
    %add;
    %cast2;
    %store/vec4 v0x558443969d10_0, 0, 32;
T_3.13 ;
    %load/vec4 v0x558443969560_0;
    %cmpi/e 0, 0, 32;
    %jmp/1 T_3.16, 4;
    %flag_mov 8, 4;
    %load/vec4 v0x558443968f40_0;
    %load/vec4 v0x5584439655e0_0;
    %cmp/e;
    %flag_get/vec4 6;
    %jmp/0 T_3.18, 6;
    %load/vec4 v0x558443969490_0;
    %load/vec4 v0x5584439656a0_0;
    %cmp/e;
    %flag_get/vec4 6;
    %and;
T_3.18;
    %flag_set/vec4 10;
    %flag_get/vec4 10;
    %jmp/0 T_3.17, 10;
    %load/vec4 v0x558443969c40_0;
    %pushi/vec4 0, 0, 1;
    %cmp/e;
    %flag_get/vec4 6;
    %and;
T_3.17;
    %flag_set/vec4 9;
    %flag_or 9, 8;
    %flag_mov 4, 9;
T_3.16;
    %flag_mov 8, 4;
    %jmp/0 T_3.14, 8;
    %pushi/vec4 1346458451, 0, 32; draw_string_vec4
    %jmp/1 T_3.15, 8;
T_3.14 ; End of true expr.
    %pushi/vec4 1178683724, 0, 32; draw_string_vec4
    %jmp/0 T_3.15, 8;
 ; End of false expr.
    %blend;
T_3.15;
    %vpi_call/w 3 181 "$display", "  TX [%s] hdr=0x%016h data=0x%016h has_data=%b \342\206\222 cp=%b dp=%b err=%b  [%s]", v0x558443965960_0, v0x558443965770_0, v0x5584439654e0_0, v0x558443965850_0, v0x558443968f40_0, v0x558443969490_0, v0x558443969c40_0, S<0,vec4,u32> {1 0 0};
    %end;
S_0x558443965a20 .scope autofunction.vec4.s64, "make_rx_hdr" "make_rx_hdr" 3 192, 3 192 0, S_0x558443886490;
 .timescale -9 -12;
v0x558443965c00_0 .var "base_hdr", 63 0;
v0x558443965d00_0 .var "cp_val", 0 0;
v0x558443965dc0_0 .var "dp_val", 0 0;
; Variable make_rx_hdr is vec4 return value of scope S_0x558443965a20
v0x558443965f40_0 .var "r", 63 0;
TD_tb_lphy_sb_crc.make_rx_hdr ;
    %load/vec4 v0x558443965c00_0;
    %pushi/vec4 4293394431, 0, 32;
    %concati/vec4 4294967295, 0, 32;
    %and;
    %store/vec4 v0x558443965f40_0, 0, 64;
    %load/vec4 v0x558443965d00_0;
    %flag_set/vec4 8;
    %jmp/0xz  T_4.19, 8;
    %load/vec4 v0x558443965f40_0;
    %pushi/vec4 2147483648, 0, 43;
    %concati/vec4 0, 0, 21;
    %or;
    %store/vec4 v0x558443965f40_0, 0, 64;
T_4.19 ;
    %load/vec4 v0x558443965dc0_0;
    %flag_set/vec4 8;
    %jmp/0xz  T_4.21, 8;
    %load/vec4 v0x558443965f40_0;
    %pushi/vec4 2147483648, 0, 44;
    %concati/vec4 0, 0, 20;
    %or;
    %store/vec4 v0x558443965f40_0, 0, 64;
T_4.21 ;
    %load/vec4 v0x558443965f40_0;
    %ret/vec4 0, 0, 64;  Assign to make_rx_hdr (store_vec4_to_lval)
    %disable/flow S_0x558443965a20;
    %end;
S_0x558443966070 .scope autofunction.vec4.s1, "ref_cp" "ref_cp" 3 112, 3 112 0, S_0x558443886490;
 .timescale -9 -12;
v0x558443966250_0 .var "d", 63 0;
v0x558443966350_0 .var "h", 63 0;
v0x558443966430_0 .var "has_d", 0 0;
v0x5584439664d0_0 .var "hm", 63 0;
; Variable ref_cp is vec4 return value of scope S_0x558443966070
TD_tb_lphy_sb_crc.ref_cp ;
    %load/vec4 v0x558443966350_0;
    %pushi/vec4 4293394431, 0, 32;
    %concati/vec4 4294967295, 0, 32;
    %and;
    %store/vec4 v0x5584439664d0_0, 0, 64;
    %load/vec4 v0x5584439664d0_0;
    %xor/r;
    %ret/vec4 0, 0, 1;  Assign to ref_cp (store_vec4_to_lval)
    %disable/flow S_0x558443966070;
    %end;
S_0x5584439666c0 .scope autofunction.vec4.s1, "ref_dp" "ref_dp" 3 123, 3 123 0, S_0x558443886490;
 .timescale -9 -12;
v0x5584439668a0_0 .var "d", 63 0;
v0x5584439669a0_0 .var "has_d", 0 0;
; Variable ref_dp is vec4 return value of scope S_0x5584439666c0
TD_tb_lphy_sb_crc.ref_dp ;
    %load/vec4 v0x5584439669a0_0;
    %flag_set/vec4 8;
    %jmp/0 T_6.23, 8;
    %load/vec4 v0x5584439668a0_0;
    %xor/r;
    %jmp/1 T_6.24, 8;
T_6.23 ; End of true expr.
    %pushi/vec4 0, 0, 1;
    %jmp/0 T_6.24, 8;
 ; End of false expr.
    %blend;
T_6.24;
    %ret/vec4 0, 0, 1;  Assign to ref_dp (store_vec4_to_lval)
    %disable/flow S_0x5584439666c0;
    %end;
S_0x558443966b00 .scope module, "u_dut" "lphy_sb_crc" 3 94, 4 92 0, S_0x558443886490;
 .timescale -9 -12;
    .port_info 0 /INPUT 64 "hdr_in";
    .port_info 1 /INPUT 64 "data_in";
    .port_info 2 /INPUT 1 "has_data";
    .port_info 3 /INPUT 1 "mode_tx";
    .port_info 4 /OUTPUT 1 "cp_out";
    .port_info 5 /OUTPUT 1 "dp_out";
    .port_info 6 /OUTPUT 1 "parity_err";
P_0x558443966ce0 .param/l "CP_BIT" 1 4 169, C4<00000000000000000000000000110100>;
P_0x558443966d20 .param/l "CP_MASK" 1 4 173, C4<0000000000010000000000000000000000000000000000000000000000000000>;
P_0x558443966d60 .param/l "DP_BIT" 1 4 170, C4<00000000000000000000000000110011>;
P_0x558443966da0 .param/l "DP_MASK" 1 4 174, C4<0000000000001000000000000000000000000000000000000000000000000000>;
P_0x558443966de0 .param/l "PARITY_CLEAR_MASK" 1 4 177, C4<1111111111100111111111111111111111111111111111111111111111111111>;
L_0x7f0a9bace018 .functor BUFT 1, C4<1111111111100111111111111111111111111111111111111111111111111111>, C4<0>, C4<0>, C4<0>;
L_0x558443979df0 .functor AND 64, v0x558443969970_0, L_0x7f0a9bace018, C4<1111111111111111111111111111111111111111111111111111111111111111>, C4<1111111111111111111111111111111111111111111111111111111111111111>;
L_0x7f0a9bace0f0 .functor BUFT 1, C4<0000000000000000000000000000000000000000000000000000000000000001>, C4<0>, C4<0>, C4<0>;
L_0x55844397a4e0 .functor AND 64, L_0x55844397a370, L_0x7f0a9bace0f0, C4<1111111111111111111111111111111111111111111111111111111111111111>, C4<1111111111111111111111111111111111111111111111111111111111111111>;
L_0x7f0a9bace180 .functor BUFT 1, C4<0000000000000000000000000000000000000000000000000000000000000001>, C4<0>, C4<0>, C4<0>;
L_0x55844397a950 .functor AND 64, L_0x55844397a7c0, L_0x7f0a9bace180, C4<1111111111111111111111111111111111111111111111111111111111111111>, C4<1111111111111111111111111111111111111111111111111111111111111111>;
L_0x55844397ab50 .functor BUFZ 1, L_0x558443979f30, C4<0>, C4<0>, C4<0>;
L_0x55844397ac90 .functor BUFZ 1, L_0x55844397a110, C4<0>, C4<0>, C4<0>;
L_0x55844397ada0 .functor XOR 1, L_0x558443979f30, L_0x55844397a5f0, C4<0>, C4<0>;
L_0x55844397aea0 .functor XOR 1, L_0x55844397a110, L_0x55844397aa60, C4<0>, C4<0>;
L_0x55844397af60 .functor OR 1, L_0x55844397ada0, L_0x55844397aea0, C4<0>, C4<0>;
v0x5584439673c0_0 .net/2u *"_ivl_0", 63 0, L_0x7f0a9bace018;  1 drivers
v0x5584439674c0_0 .net *"_ivl_12", 63 0, L_0x55844397a370;  1 drivers
v0x5584439675a0_0 .net *"_ivl_14", 11 0, L_0x55844397a2a0;  1 drivers
L_0x7f0a9bace0a8 .functor BUFT 1, C4<0000000000000000000000000000000000000000000000000000>, C4<0>, C4<0>, C4<0>;
v0x558443967690_0 .net *"_ivl_16", 51 0, L_0x7f0a9bace0a8;  1 drivers
v0x558443967770_0 .net/2u *"_ivl_18", 63 0, L_0x7f0a9bace0f0;  1 drivers
v0x5584439678a0_0 .net *"_ivl_20", 63 0, L_0x55844397a4e0;  1 drivers
v0x558443967980_0 .net *"_ivl_24", 63 0, L_0x55844397a7c0;  1 drivers
v0x558443967a60_0 .net *"_ivl_26", 12 0, L_0x55844397a720;  1 drivers
L_0x7f0a9bace138 .functor BUFT 1, C4<000000000000000000000000000000000000000000000000000>, C4<0>, C4<0>, C4<0>;
v0x558443967b40_0 .net *"_ivl_28", 50 0, L_0x7f0a9bace138;  1 drivers
v0x558443967c20_0 .net/2u *"_ivl_30", 63 0, L_0x7f0a9bace180;  1 drivers
v0x558443967d00_0 .net *"_ivl_32", 63 0, L_0x55844397a950;  1 drivers
L_0x7f0a9bace1c8 .functor BUFT 1, C4<0>, C4<0>, C4<0>, C4<0>;
v0x558443967de0_0 .net/2u *"_ivl_40", 0 0, L_0x7f0a9bace1c8;  1 drivers
v0x558443967ec0_0 .net *"_ivl_42", 0 0, L_0x55844397ada0;  1 drivers
v0x558443967f80_0 .net *"_ivl_44", 0 0, L_0x55844397aea0;  1 drivers
v0x558443968040_0 .net *"_ivl_46", 0 0, L_0x55844397af60;  1 drivers
v0x558443968120_0 .net *"_ivl_7", 0 0, L_0x55844397a020;  1 drivers
L_0x7f0a9bace060 .functor BUFT 1, C4<0>, C4<0>, C4<0>, C4<0>;
v0x5584439681e0_0 .net/2u *"_ivl_8", 0 0, L_0x7f0a9bace060;  1 drivers
v0x5584439682c0_0 .net "cp_computed", 0 0, L_0x558443979f30;  1 drivers
v0x558443968380_0 .net "cp_out", 0 0, L_0x55844397ab50;  alias, 1 drivers
v0x558443968440_0 .net "cp_received", 0 0, L_0x55844397a5f0;  1 drivers
v0x558443968500_0 .net "data_in", 63 0, v0x5584439691b0_0;  1 drivers
v0x5584439685e0_0 .net "dp_computed", 0 0, L_0x55844397a110;  1 drivers
v0x5584439686a0_0 .net "dp_out", 0 0, L_0x55844397ac90;  alias, 1 drivers
v0x558443968760_0 .net "dp_received", 0 0, L_0x55844397aa60;  1 drivers
v0x558443968820_0 .net "has_data", 0 0, v0x558443969620_0;  1 drivers
v0x5584439688e0_0 .net "hdr_in", 63 0, v0x558443969970_0;  1 drivers
v0x5584439689c0_0 .net "hdr_masked", 63 0, L_0x558443979df0;  1 drivers
v0x558443968aa0_0 .net "mode_tx", 0 0, v0x558443969b70_0;  1 drivers
v0x558443968b60_0 .net "parity_err", 0 0, L_0x55844397b0c0;  alias, 1 drivers
L_0x558443979f30 .reduce/xor L_0x558443979df0;
L_0x55844397a020 .reduce/xor v0x5584439691b0_0;
L_0x55844397a110 .functor MUXZ 1, L_0x7f0a9bace060, L_0x55844397a020, v0x558443969620_0, C4<>;
L_0x55844397a2a0 .part v0x558443969970_0, 52, 12;
L_0x55844397a370 .concat [ 12 52 0 0], L_0x55844397a2a0, L_0x7f0a9bace0a8;
L_0x55844397a5f0 .part L_0x55844397a4e0, 0, 1;
L_0x55844397a720 .part v0x558443969970_0, 51, 13;
L_0x55844397a7c0 .concat [ 13 51 0 0], L_0x55844397a720, L_0x7f0a9bace138;
L_0x55844397aa60 .part L_0x55844397a950, 0, 1;
L_0x55844397b0c0 .functor MUXZ 1, L_0x55844397af60, L_0x7f0a9bace1c8, v0x558443969b70_0, C4<>;
S_0x5584439671c0 .scope begin, "param_consistency_check" "param_consistency_check" 4 276, 4 276 0, S_0x558443966b00;
 .timescale -9 -12;
    .scope S_0x558443966b00;
T_7 ;
    %end;
    .thread T_7;
    .scope S_0x558443886490;
T_8 ;
    %pushi/vec4 0, 0, 32;
    %store/vec4 v0x558443969d10_0, 0, 32;
    %pushi/vec4 0, 0, 32;
    %store/vec4 v0x558443969560_0, 0, 32;
    %end;
    .thread T_8, $init;
    .scope S_0x558443886490;
T_9 ;
    %pushi/vec4 0, 0, 64;
    %store/vec4 v0x558443969970_0, 0, 64;
    %pushi/vec4 0, 0, 64;
    %store/vec4 v0x5584439691b0_0, 0, 64;
    %pushi/vec4 0, 0, 1;
    %store/vec4 v0x558443969620_0, 0, 1;
    %pushi/vec4 1, 0, 1;
    %store/vec4 v0x558443969b70_0, 0, 1;
    %delay 2000, 0;
    %vpi_call/w 3 263 "$display", "\000" {0 0 0};
    %vpi_call/w 3 264 "$display", "=============================================================" {0 0 0};
    %vpi_call/w 3 265 "$display", "  lphy_sb_crc Testbench \342\200\224 UCIe \302\2476.1.2 / \302\2476.1.3.2" {0 0 0};
    %vpi_call/w 3 266 "$display", "=============================================================" {0 0 0};
    %vpi_call/w 3 271 "$display", "\000" {0 0 0};
    %vpi_call/w 3 272 "$display", "--- Group A : TX / Encode mode ---" {0 0 0};
    %pushi/vec4 0, 0, 64;
    %store/vec4 v0x5584439696f0_0, 0, 64;
    %pushi/vec4 18, 0, 5;
    %ix/load 4, 59, 0;
    %flag_set/imm 4, 0;
    %store/vec4 v0x5584439696f0_0, 4, 5;
    %pushi/vec4 2, 0, 3;
    %ix/load 4, 56, 0;
    %flag_set/imm 4, 0;
    %store/vec4 v0x5584439696f0_0, 4, 3;
    %pushi/vec4 5, 0, 3;
    %ix/load 4, 53, 0;
    %flag_set/imm 4, 0;
    %store/vec4 v0x5584439696f0_0, 4, 3;
    %pushi/vec4 165, 0, 8;
    %ix/load 4, 20, 0;
    %flag_set/imm 4, 0;
    %store/vec4 v0x5584439696f0_0, 4, 8;
    %pushi/vec4 3, 0, 8;
    %ix/load 4, 12, 0;
    %flag_set/imm 4, 0;
    %store/vec4 v0x5584439696f0_0, 4, 8;
    %alloc S_0x5584438fe3b0;
    %load/vec4 v0x5584439696f0_0;
    %store/vec4 v0x558443960d00_0, 0, 64;
    %pushi/vec4 0, 0, 64;
    %store/vec4 v0x5584439345a0_0, 0, 64;
    %pushi/vec4 0, 0, 1;
    %store/vec4 v0x558443960de0_0, 0, 1;
    %pushi/vec4 1, 0, 1;
    %store/vec4 v0x558443960e80_0, 0, 1;
    %fork TD_tb_lphy_sb_crc.apply, S_0x5584438fe3b0;
    %join;
    %free S_0x5584438fe3b0;
    %alloc S_0x558443965300;
    %pushi/str "A1-NoPayload";
    %store/str v0x558443965960_0;
    %load/vec4 v0x5584439696f0_0;
    %store/vec4 v0x558443965770_0, 0, 64;
    %pushi/vec4 0, 0, 64;
    %store/vec4 v0x5584439654e0_0, 0, 64;
    %pushi/vec4 0, 0, 1;
    %store/vec4 v0x558443965850_0, 0, 1;
    %fork TD_tb_lphy_sb_crc.check_tx, S_0x558443965300;
    %join;
    %free S_0x558443965300;
    %load/vec4 v0x558443968f40_0;
    %store/vec4 v0x558443968d00_0, 0, 1;
    %load/vec4 v0x558443969490_0;
    %store/vec4 v0x558443969270_0, 0, 1;
    %pushi/vec4 0, 0, 64;
    %store/vec4 v0x5584439697b0_0, 0, 64;
    %pushi/vec4 1, 0, 5;
    %ix/load 4, 59, 0;
    %flag_set/imm 4, 0;
    %store/vec4 v0x5584439697b0_0, 4, 5;
    %pushi/vec4 1, 0, 3;
    %ix/load 4, 56, 0;
    %flag_set/imm 4, 0;
    %store/vec4 v0x5584439697b0_0, 4, 3;
    %pushi/vec4 6, 0, 3;
    %ix/load 4, 53, 0;
    %flag_set/imm 4, 0;
    %store/vec4 v0x5584439697b0_0, 4, 3;
    %pushi/vec4 5, 0, 5;
    %ix/load 4, 44, 0;
    %flag_set/imm 4, 0;
    %store/vec4 v0x5584439697b0_0, 4, 5;
    %pushi/vec4 4096, 0, 27;
    %ix/load 4, 17, 0;
    %flag_set/imm 4, 0;
    %store/vec4 v0x5584439697b0_0, 4, 27;
    %pushi/vec4 15, 0, 8;
    %ix/load 4, 9, 0;
    %flag_set/imm 4, 0;
    %store/vec4 v0x5584439697b0_0, 4, 8;
    %pushi/vec4 3735928559, 0, 64;
    %store/vec4 v0x558443969010_0, 0, 64;
    %alloc S_0x5584438fe3b0;
    %load/vec4 v0x5584439697b0_0;
    %store/vec4 v0x558443960d00_0, 0, 64;
    %load/vec4 v0x558443969010_0;
    %store/vec4 v0x5584439345a0_0, 0, 64;
    %pushi/vec4 1, 0, 1;
    %store/vec4 v0x558443960de0_0, 0, 1;
    %pushi/vec4 1, 0, 1;
    %store/vec4 v0x558443960e80_0, 0, 1;
    %fork TD_tb_lphy_sb_crc.apply, S_0x5584438fe3b0;
    %join;
    %free S_0x5584438fe3b0;
    %alloc S_0x558443965300;
    %pushi/str "A2-MemWrite32";
    %store/str v0x558443965960_0;
    %load/vec4 v0x5584439697b0_0;
    %store/vec4 v0x558443965770_0, 0, 64;
    %load/vec4 v0x558443969010_0;
    %store/vec4 v0x5584439654e0_0, 0, 64;
    %pushi/vec4 1, 0, 1;
    %store/vec4 v0x558443965850_0, 0, 1;
    %fork TD_tb_lphy_sb_crc.check_tx, S_0x558443965300;
    %join;
    %free S_0x558443965300;
    %load/vec4 v0x558443968f40_0;
    %store/vec4 v0x558443968de0_0, 0, 1;
    %load/vec4 v0x558443969490_0;
    %store/vec4 v0x558443969310_0, 0, 1;
    %pushi/vec4 0, 0, 64;
    %store/vec4 v0x558443969890_0, 0, 64;
    %pushi/vec4 27, 0, 5;
    %ix/load 4, 59, 0;
    %flag_set/imm 4, 0;
    %store/vec4 v0x558443969890_0, 4, 5;
    %pushi/vec4 1, 0, 3;
    %ix/load 4, 56, 0;
    %flag_set/imm 4, 0;
    %store/vec4 v0x558443969890_0, 4, 3;
    %pushi/vec4 5, 0, 3;
    %ix/load 4, 53, 0;
    %flag_set/imm 4, 0;
    %store/vec4 v0x558443969890_0, 4, 3;
    %pushi/vec4 1, 0, 8;
    %ix/load 4, 20, 0;
    %flag_set/imm 4, 0;
    %store/vec4 v0x558443969890_0, 4, 8;
    %pushi/vec4 0, 0, 8;
    %ix/load 4, 12, 0;
    %flag_set/imm 4, 0;
    %store/vec4 v0x558443969890_0, 4, 8;
    %pushi/vec4 63, 0, 64;
    %store/vec4 v0x5584439690d0_0, 0, 64;
    %alloc S_0x5584438fe3b0;
    %load/vec4 v0x558443969890_0;
    %store/vec4 v0x558443960d00_0, 0, 64;
    %load/vec4 v0x5584439690d0_0;
    %store/vec4 v0x5584439345a0_0, 0, 64;
    %pushi/vec4 1, 0, 1;
    %store/vec4 v0x558443960de0_0, 0, 1;
    %pushi/vec4 1, 0, 1;
    %store/vec4 v0x558443960e80_0, 0, 1;
    %fork TD_tb_lphy_sb_crc.apply, S_0x5584438fe3b0;
    %join;
    %free S_0x5584438fe3b0;
    %alloc S_0x558443965300;
    %pushi/str "A3-AdvCapAdapter";
    %store/str v0x558443965960_0;
    %load/vec4 v0x558443969890_0;
    %store/vec4 v0x558443965770_0, 0, 64;
    %load/vec4 v0x5584439690d0_0;
    %store/vec4 v0x5584439654e0_0, 0, 64;
    %pushi/vec4 1, 0, 1;
    %store/vec4 v0x558443965850_0, 0, 1;
    %fork TD_tb_lphy_sb_crc.check_tx, S_0x558443965300;
    %join;
    %free S_0x558443965300;
    %load/vec4 v0x558443968f40_0;
    %store/vec4 v0x558443968ea0_0, 0, 1;
    %load/vec4 v0x558443969490_0;
    %store/vec4 v0x5584439693d0_0, 0, 1;
    %alloc S_0x5584438fe3b0;
    %pushi/vec4 0, 0, 64;
    %store/vec4 v0x558443960d00_0, 0, 64;
    %pushi/vec4 0, 0, 64;
    %store/vec4 v0x5584439345a0_0, 0, 64;
    %pushi/vec4 0, 0, 1;
    %store/vec4 v0x558443960de0_0, 0, 1;
    %pushi/vec4 1, 0, 1;
    %store/vec4 v0x558443960e80_0, 0, 1;
    %fork TD_tb_lphy_sb_crc.apply, S_0x5584438fe3b0;
    %join;
    %free S_0x5584438fe3b0;
    %alloc S_0x558443965300;
    %pushi/str "A4-AllZero";
    %store/str v0x558443965960_0;
    %pushi/vec4 0, 0, 64;
    %store/vec4 v0x558443965770_0, 0, 64;
    %pushi/vec4 0, 0, 64;
    %store/vec4 v0x5584439654e0_0, 0, 64;
    %pushi/vec4 0, 0, 1;
    %store/vec4 v0x558443965850_0, 0, 1;
    %fork TD_tb_lphy_sb_crc.check_tx, S_0x558443965300;
    %join;
    %free S_0x558443965300;
    %fork t_1, S_0x558443960f40;
    %jmp t_0;
    .scope S_0x558443960f40;
t_1 ;
    %pushi/vec4 4293394431, 0, 32;
    %concati/vec4 4294967295, 0, 32;
    %store/vec4 v0x558443961140_0, 0, 64;
    %alloc S_0x5584438fe3b0;
    %load/vec4 v0x558443961140_0;
    %store/vec4 v0x558443960d00_0, 0, 64;
    %pushi/vec4 4294967295, 0, 32;
    %concati/vec4 4294967295, 0, 32;
    %store/vec4 v0x5584439345a0_0, 0, 64;
    %pushi/vec4 1, 0, 1;
    %store/vec4 v0x558443960de0_0, 0, 1;
    %pushi/vec4 1, 0, 1;
    %store/vec4 v0x558443960e80_0, 0, 1;
    %fork TD_tb_lphy_sb_crc.apply, S_0x5584438fe3b0;
    %join;
    %free S_0x5584438fe3b0;
    %alloc S_0x558443965300;
    %pushi/str "A5-AllOnes-ExceptParity";
    %store/str v0x558443965960_0;
    %load/vec4 v0x558443961140_0;
    %store/vec4 v0x558443965770_0, 0, 64;
    %pushi/vec4 4294967295, 0, 32;
    %concati/vec4 4294967295, 0, 32;
    %store/vec4 v0x5584439654e0_0, 0, 64;
    %pushi/vec4 1, 0, 1;
    %store/vec4 v0x558443965850_0, 0, 1;
    %fork TD_tb_lphy_sb_crc.check_tx, S_0x558443965300;
    %join;
    %free S_0x558443965300;
    %end;
    .scope S_0x558443886490;
t_0 %join;
    %alloc S_0x5584438fe3b0;
    %pushi/vec4 1, 0, 64;
    %store/vec4 v0x558443960d00_0, 0, 64;
    %pushi/vec4 0, 0, 64;
    %store/vec4 v0x5584439345a0_0, 0, 64;
    %pushi/vec4 0, 0, 1;
    %store/vec4 v0x558443960de0_0, 0, 1;
    %pushi/vec4 1, 0, 1;
    %store/vec4 v0x558443960e80_0, 0, 1;
    %fork TD_tb_lphy_sb_crc.apply, S_0x5584438fe3b0;
    %join;
    %free S_0x5584438fe3b0;
    %alloc S_0x558443965300;
    %pushi/str "A6-SingleBitHdr";
    %store/str v0x558443965960_0;
    %pushi/vec4 1, 0, 64;
    %store/vec4 v0x558443965770_0, 0, 64;
    %pushi/vec4 0, 0, 64;
    %store/vec4 v0x5584439654e0_0, 0, 64;
    %pushi/vec4 0, 0, 1;
    %store/vec4 v0x558443965850_0, 0, 1;
    %fork TD_tb_lphy_sb_crc.check_tx, S_0x558443965300;
    %join;
    %free S_0x558443965300;
    %alloc S_0x5584438fe3b0;
    %pushi/vec4 0, 0, 64;
    %store/vec4 v0x558443960d00_0, 0, 64;
    %pushi/vec4 1, 0, 64;
    %store/vec4 v0x5584439345a0_0, 0, 64;
    %pushi/vec4 1, 0, 1;
    %store/vec4 v0x558443960de0_0, 0, 1;
    %pushi/vec4 1, 0, 1;
    %store/vec4 v0x558443960e80_0, 0, 1;
    %fork TD_tb_lphy_sb_crc.apply, S_0x5584438fe3b0;
    %join;
    %free S_0x5584438fe3b0;
    %alloc S_0x558443965300;
    %pushi/str "A7-SingleBitData";
    %store/str v0x558443965960_0;
    %pushi/vec4 0, 0, 64;
    %store/vec4 v0x558443965770_0, 0, 64;
    %pushi/vec4 1, 0, 64;
    %store/vec4 v0x5584439654e0_0, 0, 64;
    %pushi/vec4 1, 0, 1;
    %store/vec4 v0x558443965850_0, 0, 1;
    %fork TD_tb_lphy_sb_crc.check_tx, S_0x558443965300;
    %join;
    %free S_0x558443965300;
    %vpi_call/w 3 362 "$display", "\000" {0 0 0};
    %vpi_call/w 3 363 "$display", "--- Group B : RX / Check mode (valid packets \342\200\224 expect err=0) ---" {0 0 0};
    %fork t_3, S_0x558443961220;
    %jmp t_2;
    .scope S_0x558443961220;
t_3 ;
    %alloc S_0x558443965a20;
    %load/vec4 v0x5584439696f0_0;
    %load/vec4 v0x558443968d00_0;
    %load/vec4 v0x558443969270_0;
    %store/vec4 v0x558443965dc0_0, 0, 1;
    %store/vec4 v0x558443965d00_0, 0, 1;
    %store/vec4 v0x558443965c00_0, 0, 64;
    %callf/vec4 TD_tb_lphy_sb_crc.make_rx_hdr, S_0x558443965a20;
    %free S_0x558443965a20;
    %store/vec4 v0x558443961400_0, 0, 64;
    %alloc S_0x5584438fe3b0;
    %load/vec4 v0x558443961400_0;
    %store/vec4 v0x558443960d00_0, 0, 64;
    %pushi/vec4 0, 0, 64;
    %store/vec4 v0x5584439345a0_0, 0, 64;
    %pushi/vec4 0, 0, 1;
    %store/vec4 v0x558443960de0_0, 0, 1;
    %pushi/vec4 0, 0, 1;
    %store/vec4 v0x558443960e80_0, 0, 1;
    %fork TD_tb_lphy_sb_crc.apply, S_0x5584438fe3b0;
    %join;
    %free S_0x5584438fe3b0;
    %alloc S_0x558443964db0;
    %pushi/str "B1-RoundTrip-A1";
    %store/str v0x558443965240_0;
    %load/vec4 v0x558443961400_0;
    %store/vec4 v0x558443965090_0, 0, 64;
    %pushi/vec4 0, 0, 64;
    %store/vec4 v0x558443964f90_0, 0, 64;
    %pushi/vec4 0, 0, 1;
    %store/vec4 v0x558443965170_0, 0, 1;
    %fork TD_tb_lphy_sb_crc.check_rx_ok, S_0x558443964db0;
    %join;
    %free S_0x558443964db0;
    %end;
    .scope S_0x558443886490;
t_2 %join;
    %fork t_5, S_0x5584439614e0;
    %jmp t_4;
    .scope S_0x5584439614e0;
t_5 ;
    %alloc S_0x558443965a20;
    %load/vec4 v0x5584439697b0_0;
    %load/vec4 v0x558443968de0_0;
    %load/vec4 v0x558443969310_0;
    %store/vec4 v0x558443965dc0_0, 0, 1;
    %store/vec4 v0x558443965d00_0, 0, 1;
    %store/vec4 v0x558443965c00_0, 0, 64;
    %callf/vec4 TD_tb_lphy_sb_crc.make_rx_hdr, S_0x558443965a20;
    %free S_0x558443965a20;
    %store/vec4 v0x5584439616c0_0, 0, 64;
    %alloc S_0x5584438fe3b0;
    %load/vec4 v0x5584439616c0_0;
    %store/vec4 v0x558443960d00_0, 0, 64;
    %load/vec4 v0x558443969010_0;
    %store/vec4 v0x5584439345a0_0, 0, 64;
    %pushi/vec4 1, 0, 1;
    %store/vec4 v0x558443960de0_0, 0, 1;
    %pushi/vec4 0, 0, 1;
    %store/vec4 v0x558443960e80_0, 0, 1;
    %fork TD_tb_lphy_sb_crc.apply, S_0x5584438fe3b0;
    %join;
    %free S_0x5584438fe3b0;
    %alloc S_0x558443964db0;
    %pushi/str "B2-RoundTrip-A2";
    %store/str v0x558443965240_0;
    %load/vec4 v0x5584439616c0_0;
    %store/vec4 v0x558443965090_0, 0, 64;
    %load/vec4 v0x558443969010_0;
    %store/vec4 v0x558443964f90_0, 0, 64;
    %pushi/vec4 1, 0, 1;
    %store/vec4 v0x558443965170_0, 0, 1;
    %fork TD_tb_lphy_sb_crc.check_rx_ok, S_0x558443964db0;
    %join;
    %free S_0x558443964db0;
    %end;
    .scope S_0x558443886490;
t_4 %join;
    %fork t_7, S_0x5584439617c0;
    %jmp t_6;
    .scope S_0x5584439617c0;
t_7 ;
    %alloc S_0x558443965a20;
    %load/vec4 v0x558443969890_0;
    %load/vec4 v0x558443968ea0_0;
    %load/vec4 v0x5584439693d0_0;
    %store/vec4 v0x558443965dc0_0, 0, 1;
    %store/vec4 v0x558443965d00_0, 0, 1;
    %store/vec4 v0x558443965c00_0, 0, 64;
    %callf/vec4 TD_tb_lphy_sb_crc.make_rx_hdr, S_0x558443965a20;
    %free S_0x558443965a20;
    %store/vec4 v0x5584439619f0_0, 0, 64;
    %alloc S_0x5584438fe3b0;
    %load/vec4 v0x5584439619f0_0;
    %store/vec4 v0x558443960d00_0, 0, 64;
    %load/vec4 v0x5584439690d0_0;
    %store/vec4 v0x5584439345a0_0, 0, 64;
    %pushi/vec4 1, 0, 1;
    %store/vec4 v0x558443960de0_0, 0, 1;
    %pushi/vec4 0, 0, 1;
    %store/vec4 v0x558443960e80_0, 0, 1;
    %fork TD_tb_lphy_sb_crc.apply, S_0x5584438fe3b0;
    %join;
    %free S_0x5584438fe3b0;
    %alloc S_0x558443964db0;
    %pushi/str "B3-RoundTrip-A3";
    %store/str v0x558443965240_0;
    %load/vec4 v0x5584439619f0_0;
    %store/vec4 v0x558443965090_0, 0, 64;
    %load/vec4 v0x5584439690d0_0;
    %store/vec4 v0x558443964f90_0, 0, 64;
    %pushi/vec4 1, 0, 1;
    %store/vec4 v0x558443965170_0, 0, 1;
    %fork TD_tb_lphy_sb_crc.check_rx_ok, S_0x558443964db0;
    %join;
    %free S_0x558443964db0;
    %end;
    .scope S_0x558443886490;
t_6 %join;
    %vpi_call/w 3 389 "$display", "\000" {0 0 0};
    %vpi_call/w 3 390 "$display", "--- Group C : RX / Check mode (corrupted \342\200\224 expect err=1) ---" {0 0 0};
    %fork t_9, S_0x558443961af0;
    %jmp t_8;
    .scope S_0x558443961af0;
t_9 ;
    %alloc S_0x558443965a20;
    %load/vec4 v0x5584439697b0_0;
    %load/vec4 v0x558443968de0_0;
    %load/vec4 v0x558443969310_0;
    %store/vec4 v0x558443965dc0_0, 0, 1;
    %store/vec4 v0x558443965d00_0, 0, 1;
    %store/vec4 v0x558443965c00_0, 0, 64;
    %callf/vec4 TD_tb_lphy_sb_crc.make_rx_hdr, S_0x558443965a20;
    %free S_0x558443965a20;
    %store/vec4 v0x558443961cd0_0, 0, 64;
    %load/vec4 v0x558443961cd0_0;
    %parti/s 1, 63, 7;
    %inv;
    %ix/load 4, 63, 0;
    %flag_set/imm 4, 0;
    %store/vec4 v0x558443961cd0_0, 4, 1;
    %alloc S_0x5584438fe3b0;
    %load/vec4 v0x558443961cd0_0;
    %store/vec4 v0x558443960d00_0, 0, 64;
    %load/vec4 v0x558443969010_0;
    %store/vec4 v0x5584439345a0_0, 0, 64;
    %pushi/vec4 1, 0, 1;
    %store/vec4 v0x558443960de0_0, 0, 1;
    %pushi/vec4 0, 0, 1;
    %store/vec4 v0x558443960e80_0, 0, 1;
    %fork TD_tb_lphy_sb_crc.apply, S_0x5584438fe3b0;
    %join;
    %free S_0x5584438fe3b0;
    %alloc S_0x5584439648e0;
    %pushi/str "C1-OpcodeFlip";
    %store/str v0x558443964cf0_0;
    %load/vec4 v0x558443961cd0_0;
    %store/vec4 v0x558443964b70_0, 0, 64;
    %load/vec4 v0x558443969010_0;
    %store/vec4 v0x558443964a70_0, 0, 64;
    %pushi/vec4 1, 0, 1;
    %store/vec4 v0x558443964c50_0, 0, 1;
    %fork TD_tb_lphy_sb_crc.check_rx_err, S_0x5584439648e0;
    %join;
    %free S_0x5584439648e0;
    %end;
    .scope S_0x558443886490;
t_8 %join;
    %fork t_11, S_0x558443961dd0;
    %jmp t_10;
    .scope S_0x558443961dd0;
t_11 ;
    %alloc S_0x558443965a20;
    %load/vec4 v0x5584439697b0_0;
    %load/vec4 v0x558443968de0_0;
    %load/vec4 v0x558443969310_0;
    %store/vec4 v0x558443965dc0_0, 0, 1;
    %store/vec4 v0x558443965d00_0, 0, 1;
    %store/vec4 v0x558443965c00_0, 0, 64;
    %callf/vec4 TD_tb_lphy_sb_crc.make_rx_hdr, S_0x558443965a20;
    %free S_0x558443965a20;
    %store/vec4 v0x558443961fb0_0, 0, 64;
    %load/vec4 v0x558443961fb0_0;
    %pushi/vec4 2147483648, 0, 43;
    %concati/vec4 0, 0, 21;
    %xor;
    %store/vec4 v0x558443961fb0_0, 0, 64;
    %alloc S_0x5584438fe3b0;
    %load/vec4 v0x558443961fb0_0;
    %store/vec4 v0x558443960d00_0, 0, 64;
    %load/vec4 v0x558443969010_0;
    %store/vec4 v0x5584439345a0_0, 0, 64;
    %pushi/vec4 1, 0, 1;
    %store/vec4 v0x558443960de0_0, 0, 1;
    %pushi/vec4 0, 0, 1;
    %store/vec4 v0x558443960e80_0, 0, 1;
    %fork TD_tb_lphy_sb_crc.apply, S_0x5584438fe3b0;
    %join;
    %free S_0x5584438fe3b0;
    %alloc S_0x5584439648e0;
    %pushi/str "C2-CPBitFlip";
    %store/str v0x558443964cf0_0;
    %load/vec4 v0x558443961fb0_0;
    %store/vec4 v0x558443964b70_0, 0, 64;
    %load/vec4 v0x558443969010_0;
    %store/vec4 v0x558443964a70_0, 0, 64;
    %pushi/vec4 1, 0, 1;
    %store/vec4 v0x558443964c50_0, 0, 1;
    %fork TD_tb_lphy_sb_crc.check_rx_err, S_0x5584439648e0;
    %join;
    %free S_0x5584439648e0;
    %end;
    .scope S_0x558443886490;
t_10 %join;
    %fork t_13, S_0x5584439620b0;
    %jmp t_12;
    .scope S_0x5584439620b0;
t_13 ;
    %alloc S_0x558443965a20;
    %load/vec4 v0x5584439697b0_0;
    %load/vec4 v0x558443968de0_0;
    %load/vec4 v0x558443969310_0;
    %store/vec4 v0x558443965dc0_0, 0, 1;
    %store/vec4 v0x558443965d00_0, 0, 1;
    %store/vec4 v0x558443965c00_0, 0, 64;
    %callf/vec4 TD_tb_lphy_sb_crc.make_rx_hdr, S_0x558443965a20;
    %free S_0x558443965a20;
    %store/vec4 v0x558443962290_0, 0, 64;
    %load/vec4 v0x558443962290_0;
    %pushi/vec4 2147483648, 0, 44;
    %concati/vec4 0, 0, 20;
    %xor;
    %store/vec4 v0x558443962290_0, 0, 64;
    %alloc S_0x5584438fe3b0;
    %load/vec4 v0x558443962290_0;
    %store/vec4 v0x558443960d00_0, 0, 64;
    %load/vec4 v0x558443969010_0;
    %store/vec4 v0x5584439345a0_0, 0, 64;
    %pushi/vec4 1, 0, 1;
    %store/vec4 v0x558443960de0_0, 0, 1;
    %pushi/vec4 0, 0, 1;
    %store/vec4 v0x558443960e80_0, 0, 1;
    %fork TD_tb_lphy_sb_crc.apply, S_0x5584438fe3b0;
    %join;
    %free S_0x5584438fe3b0;
    %alloc S_0x5584439648e0;
    %pushi/str "C3-DPBitFlip";
    %store/str v0x558443964cf0_0;
    %load/vec4 v0x558443962290_0;
    %store/vec4 v0x558443964b70_0, 0, 64;
    %load/vec4 v0x558443969010_0;
    %store/vec4 v0x558443964a70_0, 0, 64;
    %pushi/vec4 1, 0, 1;
    %store/vec4 v0x558443964c50_0, 0, 1;
    %fork TD_tb_lphy_sb_crc.check_rx_err, S_0x5584439648e0;
    %join;
    %free S_0x5584439648e0;
    %end;
    .scope S_0x558443886490;
t_12 %join;
    %fork t_15, S_0x558443962390;
    %jmp t_14;
    .scope S_0x558443962390;
t_15 ;
    %alloc S_0x558443965a20;
    %load/vec4 v0x5584439697b0_0;
    %load/vec4 v0x558443968de0_0;
    %load/vec4 v0x558443969310_0;
    %store/vec4 v0x558443965dc0_0, 0, 1;
    %store/vec4 v0x558443965d00_0, 0, 1;
    %store/vec4 v0x558443965c00_0, 0, 64;
    %callf/vec4 TD_tb_lphy_sb_crc.make_rx_hdr, S_0x558443965a20;
    %free S_0x558443965a20;
    %store/vec4 v0x558443962670_0, 0, 64;
    %load/vec4 v0x558443969010_0;
    %pushi/vec4 1, 0, 64;
    %xor;
    %store/vec4 v0x558443962570_0, 0, 64;
    %alloc S_0x5584438fe3b0;
    %load/vec4 v0x558443962670_0;
    %store/vec4 v0x558443960d00_0, 0, 64;
    %load/vec4 v0x558443962570_0;
    %store/vec4 v0x5584439345a0_0, 0, 64;
    %pushi/vec4 1, 0, 1;
    %store/vec4 v0x558443960de0_0, 0, 1;
    %pushi/vec4 0, 0, 1;
    %store/vec4 v0x558443960e80_0, 0, 1;
    %fork TD_tb_lphy_sb_crc.apply, S_0x5584438fe3b0;
    %join;
    %free S_0x5584438fe3b0;
    %alloc S_0x5584439648e0;
    %pushi/str "C4-DataPayloadFlip";
    %store/str v0x558443964cf0_0;
    %load/vec4 v0x558443962670_0;
    %store/vec4 v0x558443964b70_0, 0, 64;
    %load/vec4 v0x558443962570_0;
    %store/vec4 v0x558443964a70_0, 0, 64;
    %pushi/vec4 1, 0, 1;
    %store/vec4 v0x558443964c50_0, 0, 1;
    %fork TD_tb_lphy_sb_crc.check_rx_err, S_0x5584439648e0;
    %join;
    %free S_0x5584439648e0;
    %end;
    .scope S_0x558443886490;
t_14 %join;
    %fork t_17, S_0x558443962750;
    %jmp t_16;
    .scope S_0x558443962750;
t_17 ;
    %alloc S_0x558443965a20;
    %load/vec4 v0x5584439697b0_0;
    %load/vec4 v0x558443968de0_0;
    %load/vec4 v0x558443969310_0;
    %store/vec4 v0x558443965dc0_0, 0, 1;
    %store/vec4 v0x558443965d00_0, 0, 1;
    %store/vec4 v0x558443965c00_0, 0, 64;
    %callf/vec4 TD_tb_lphy_sb_crc.make_rx_hdr, S_0x558443965a20;
    %free S_0x558443965a20;
    %store/vec4 v0x5584439628e0_0, 0, 64;
    %load/vec4 v0x5584439628e0_0;
    %parti/s 1, 0, 2;
    %inv;
    %ix/load 4, 0, 0;
    %flag_set/imm 4, 0;
    %store/vec4 v0x5584439628e0_0, 4, 1;
    %alloc S_0x5584438fe3b0;
    %load/vec4 v0x5584439628e0_0;
    %store/vec4 v0x558443960d00_0, 0, 64;
    %load/vec4 v0x558443969010_0;
    %store/vec4 v0x5584439345a0_0, 0, 64;
    %pushi/vec4 1, 0, 1;
    %store/vec4 v0x558443960de0_0, 0, 1;
    %pushi/vec4 0, 0, 1;
    %store/vec4 v0x558443960e80_0, 0, 1;
    %fork TD_tb_lphy_sb_crc.apply, S_0x5584438fe3b0;
    %join;
    %free S_0x5584438fe3b0;
    %alloc S_0x5584439648e0;
    %pushi/str "C5-Bit0Flip";
    %store/str v0x558443964cf0_0;
    %load/vec4 v0x5584439628e0_0;
    %store/vec4 v0x558443964b70_0, 0, 64;
    %load/vec4 v0x558443969010_0;
    %store/vec4 v0x558443964a70_0, 0, 64;
    %pushi/vec4 1, 0, 1;
    %store/vec4 v0x558443964c50_0, 0, 1;
    %fork TD_tb_lphy_sb_crc.check_rx_err, S_0x5584439648e0;
    %join;
    %free S_0x5584439648e0;
    %end;
    .scope S_0x558443886490;
t_16 %join;
    %fork t_19, S_0x5584439629e0;
    %jmp t_18;
    .scope S_0x5584439629e0;
t_19 ;
    %alloc S_0x558443965a20;
    %load/vec4 v0x5584439697b0_0;
    %load/vec4 v0x558443968de0_0;
    %load/vec4 v0x558443969310_0;
    %store/vec4 v0x558443965dc0_0, 0, 1;
    %store/vec4 v0x558443965d00_0, 0, 1;
    %store/vec4 v0x558443965c00_0, 0, 64;
    %callf/vec4 TD_tb_lphy_sb_crc.make_rx_hdr, S_0x558443965a20;
    %free S_0x558443965a20;
    %store/vec4 v0x558443962bc0_0, 0, 64;
    %load/vec4 v0x558443962bc0_0;
    %parti/s 1, 0, 2;
    %inv;
    %ix/load 4, 0, 0;
    %flag_set/imm 4, 0;
    %store/vec4 v0x558443962bc0_0, 4, 1;
    %load/vec4 v0x558443962bc0_0;
    %parti/s 1, 1, 2;
    %inv;
    %ix/load 4, 1, 0;
    %flag_set/imm 4, 0;
    %store/vec4 v0x558443962bc0_0, 4, 1;
    %alloc S_0x5584438fe3b0;
    %load/vec4 v0x558443962bc0_0;
    %store/vec4 v0x558443960d00_0, 0, 64;
    %load/vec4 v0x558443969010_0;
    %store/vec4 v0x5584439345a0_0, 0, 64;
    %pushi/vec4 1, 0, 1;
    %store/vec4 v0x558443960de0_0, 0, 1;
    %pushi/vec4 0, 0, 1;
    %store/vec4 v0x558443960e80_0, 0, 1;
    %fork TD_tb_lphy_sb_crc.apply, S_0x5584438fe3b0;
    %join;
    %free S_0x5584438fe3b0;
    %load/vec4 v0x558443969c40_0;
    %cmpi/ne 0, 0, 1;
    %jmp/0xz  T_9.0, 6;
    %vpi_call/w 3 462 "$display", "  FAIL [C6-EvenFlip] expected err=0 (even parity limit), got err=1" {0 0 0};
    ; show_stmt_assign_vector: Get l-value for compressed += operand
    %load/vec4 v0x558443969560_0;
    %pushi/vec4 1, 0, 32;
    %add;
    %cast2;
    %store/vec4 v0x558443969560_0, 0, 32;
    %jmp T_9.1;
T_9.0 ;
    %vpi_call/w 3 465 "$display", "  RX [C6-EvenFlip] Double-bit flip correctly UNDETECTED (err=0) \342\200\224 known even-parity limitation  [PASS]" {0 0 0};
    ; show_stmt_assign_vector: Get l-value for compressed += operand
    %load/vec4 v0x558443969d10_0;
    %pushi/vec4 1, 0, 32;
    %add;
    %cast2;
    %store/vec4 v0x558443969d10_0, 0, 32;
T_9.1 ;
    %end;
    .scope S_0x558443886490;
t_18 %join;
    %fork t_21, S_0x558443962cc0;
    %jmp t_20;
    .scope S_0x558443962cc0;
t_21 ;
    %alloc S_0x558443965a20;
    %load/vec4 v0x5584439696f0_0;
    %load/vec4 v0x558443968d00_0;
    %load/vec4 v0x558443969270_0;
    %store/vec4 v0x558443965dc0_0, 0, 1;
    %store/vec4 v0x558443965d00_0, 0, 1;
    %store/vec4 v0x558443965c00_0, 0, 64;
    %callf/vec4 TD_tb_lphy_sb_crc.make_rx_hdr, S_0x558443965a20;
    %free S_0x558443965a20;
    %store/vec4 v0x558443962ea0_0, 0, 64;
    %alloc S_0x5584438fe3b0;
    %load/vec4 v0x558443962ea0_0;
    %store/vec4 v0x558443960d00_0, 0, 64;
    %pushi/vec4 3735928559, 0, 32;
    %concati/vec4 3405648436, 0, 32;
    %store/vec4 v0x5584439345a0_0, 0, 64;
    %pushi/vec4 0, 0, 1;
    %store/vec4 v0x558443960de0_0, 0, 1;
    %pushi/vec4 0, 0, 1;
    %store/vec4 v0x558443960e80_0, 0, 1;
    %fork TD_tb_lphy_sb_crc.apply, S_0x5584438fe3b0;
    %join;
    %free S_0x5584438fe3b0;
    %load/vec4 v0x558443969c40_0;
    %cmpi/ne 0, 0, 1;
    %jmp/0xz  T_9.2, 6;
    %vpi_call/w 3 481 "$display", "  FAIL [C7-IgnoredPayload] err=1 but has_data=0 (payload must be ignored)" {0 0 0};
    ; show_stmt_assign_vector: Get l-value for compressed += operand
    %load/vec4 v0x558443969560_0;
    %pushi/vec4 1, 0, 32;
    %add;
    %cast2;
    %store/vec4 v0x558443969560_0, 0, 32;
    %jmp T_9.3;
T_9.2 ;
    %vpi_call/w 3 484 "$display", "  RX [C7-IgnoredPayload] Garbage data ignored correctly (err=0)  [PASS]" {0 0 0};
    ; show_stmt_assign_vector: Get l-value for compressed += operand
    %load/vec4 v0x558443969d10_0;
    %pushi/vec4 1, 0, 32;
    %add;
    %cast2;
    %store/vec4 v0x558443969d10_0, 0, 32;
T_9.3 ;
    %end;
    .scope S_0x558443886490;
t_20 %join;
    %vpi_call/w 3 500 "$display", "\000" {0 0 0};
    %vpi_call/w 3 501 "$display", "--- Group D : Mask integrity (CP/DP pre-set in hdr_in) ---" {0 0 0};
    %fork t_23, S_0x558443962fa0;
    %jmp t_22;
    .scope S_0x558443962fa0;
t_23 ;
    %pushi/vec4 0, 0, 64;
    %store/vec4 v0x558443963320_0, 0, 64;
    %pushi/vec4 18, 0, 5;
    %ix/load 4, 59, 0;
    %flag_set/imm 4, 0;
    %store/vec4 v0x558443963320_0, 4, 5;
    %pushi/vec4 2, 0, 3;
    %ix/load 4, 56, 0;
    %flag_set/imm 4, 0;
    %store/vec4 v0x558443963320_0, 4, 3;
    %pushi/vec4 165, 0, 8;
    %ix/load 4, 20, 0;
    %flag_set/imm 4, 0;
    %store/vec4 v0x558443963320_0, 4, 8;
    %load/vec4 v0x558443963320_0;
    %pushi/vec4 2147483648, 0, 43;
    %concati/vec4 0, 0, 21;
    %or;
    %store/vec4 v0x5584439633e0_0, 0, 64;
    %alloc S_0x558443966070;
    %load/vec4 v0x558443963320_0;
    %pushi/vec4 0, 0, 64;
    %pushi/vec4 0, 0, 1;
    %store/vec4 v0x558443966430_0, 0, 1;
    %store/vec4 v0x558443966250_0, 0, 64;
    %store/vec4 v0x558443966350_0, 0, 64;
    %callf/vec4 TD_tb_lphy_sb_crc.ref_cp, S_0x558443966070;
    %free S_0x558443966070;
    %store/vec4 v0x558443963180_0, 0, 1;
    %load/vec4 v0x5584439633e0_0;
    %xor/r;
    %store/vec4 v0x558443963260_0, 0, 1;
    %alloc S_0x5584438fe3b0;
    %load/vec4 v0x5584439633e0_0;
    %store/vec4 v0x558443960d00_0, 0, 64;
    %pushi/vec4 0, 0, 64;
    %store/vec4 v0x5584439345a0_0, 0, 64;
    %pushi/vec4 0, 0, 1;
    %store/vec4 v0x558443960de0_0, 0, 1;
    %pushi/vec4 1, 0, 1;
    %store/vec4 v0x558443960e80_0, 0, 1;
    %fork TD_tb_lphy_sb_crc.apply, S_0x5584438fe3b0;
    %join;
    %free S_0x5584438fe3b0;
    %vpi_call/w 3 531 "$display", "  D1 Setup: h_clean=0x%016h cp_if_no_mask=%b cp_with_mask=%b", v0x558443963320_0, v0x558443963260_0, v0x558443963180_0 {0 0 0};
    %load/vec4 v0x558443968f40_0;
    %load/vec4 v0x558443963180_0;
    %cmp/ne;
    %jmp/0xz  T_9.4, 6;
    %vpi_call/w 3 536 "$display", "  FAIL [D1-MaskCP] cp_out=%b expected=%b (mask did not clear CP bit)", v0x558443968f40_0, v0x558443963180_0 {0 0 0};
    ; show_stmt_assign_vector: Get l-value for compressed += operand
    %load/vec4 v0x558443969560_0;
    %pushi/vec4 1, 0, 32;
    %add;
    %cast2;
    %store/vec4 v0x558443969560_0, 0, 32;
    %jmp T_9.5;
T_9.4 ;
    %vpi_call/w 3 540 "$display", "  TX [D1-MaskCP] cp_out=%b correctly computed despite dirty bit 52  [PASS]", v0x558443968f40_0 {0 0 0};
    ; show_stmt_assign_vector: Get l-value for compressed += operand
    %load/vec4 v0x558443969d10_0;
    %pushi/vec4 1, 0, 32;
    %add;
    %cast2;
    %store/vec4 v0x558443969d10_0, 0, 32;
T_9.5 ;
    %load/vec4 v0x558443963180_0;
    %load/vec4 v0x558443963260_0;
    %cmp/e;
    %jmp/0xz  T_9.6, 6;
    %vpi_call/w 3 547 "$display", "  NOTE [D1] exp_cp_clean == exp_cp_dirty (%b) \342\200\224 test is not discriminating for this vector", v0x558443963180_0 {0 0 0};
    %jmp T_9.7;
T_9.6 ;
    %vpi_call/w 3 549 "$display", "  NOTE [D1] Discriminating: mask changes cp from %b to %b  [GOOD]", v0x558443963260_0, v0x558443963180_0 {0 0 0};
    ; show_stmt_assign_vector: Get l-value for compressed += operand
    %load/vec4 v0x558443969d10_0;
    %pushi/vec4 1, 0, 32;
    %add;
    %cast2;
    %store/vec4 v0x558443969d10_0, 0, 32;
T_9.7 ;
    %end;
    .scope S_0x558443886490;
t_22 %join;
    %fork t_25, S_0x5584439634c0;
    %jmp t_24;
    .scope S_0x5584439634c0;
t_25 ;
    %pushi/vec4 0, 0, 64;
    %store/vec4 v0x558443963840_0, 0, 64;
    %pushi/vec4 1, 0, 5;
    %ix/load 4, 59, 0;
    %flag_set/imm 4, 0;
    %store/vec4 v0x558443963840_0, 4, 5;
    %pushi/vec4 1, 0, 3;
    %ix/load 4, 56, 0;
    %flag_set/imm 4, 0;
    %store/vec4 v0x558443963840_0, 4, 3;
    %pushi/vec4 7, 0, 5;
    %ix/load 4, 44, 0;
    %flag_set/imm 4, 0;
    %store/vec4 v0x558443963840_0, 4, 5;
    %load/vec4 v0x558443963840_0;
    %pushi/vec4 2147483648, 0, 44;
    %concati/vec4 0, 0, 20;
    %or;
    %store/vec4 v0x558443963900_0, 0, 64;
    %alloc S_0x558443966070;
    %load/vec4 v0x558443963840_0;
    %pushi/vec4 0, 0, 64;
    %pushi/vec4 0, 0, 1;
    %store/vec4 v0x558443966430_0, 0, 1;
    %store/vec4 v0x558443966250_0, 0, 64;
    %store/vec4 v0x558443966350_0, 0, 64;
    %callf/vec4 TD_tb_lphy_sb_crc.ref_cp, S_0x558443966070;
    %free S_0x558443966070;
    %store/vec4 v0x5584439636a0_0, 0, 1;
    %load/vec4 v0x558443963900_0;
    %xor/r;
    %store/vec4 v0x558443963780_0, 0, 1;
    %alloc S_0x5584438fe3b0;
    %load/vec4 v0x558443963900_0;
    %store/vec4 v0x558443960d00_0, 0, 64;
    %pushi/vec4 0, 0, 64;
    %store/vec4 v0x5584439345a0_0, 0, 64;
    %pushi/vec4 0, 0, 1;
    %store/vec4 v0x558443960de0_0, 0, 1;
    %pushi/vec4 1, 0, 1;
    %store/vec4 v0x558443960e80_0, 0, 1;
    %fork TD_tb_lphy_sb_crc.apply, S_0x5584438fe3b0;
    %join;
    %free S_0x5584438fe3b0;
    %load/vec4 v0x558443968f40_0;
    %load/vec4 v0x5584439636a0_0;
    %cmp/ne;
    %jmp/0xz  T_9.8, 6;
    %vpi_call/w 3 576 "$display", "  FAIL [D2-MaskDP] cp_out=%b expected=%b (mask did not clear DP bit)", v0x558443968f40_0, v0x5584439636a0_0 {0 0 0};
    ; show_stmt_assign_vector: Get l-value for compressed += operand
    %load/vec4 v0x558443969560_0;
    %pushi/vec4 1, 0, 32;
    %add;
    %cast2;
    %store/vec4 v0x558443969560_0, 0, 32;
    %jmp T_9.9;
T_9.8 ;
    %vpi_call/w 3 580 "$display", "  TX [D2-MaskDP] cp_out=%b correctly computed despite dirty bit 51  [PASS]", v0x558443968f40_0 {0 0 0};
    ; show_stmt_assign_vector: Get l-value for compressed += operand
    %load/vec4 v0x558443969d10_0;
    %pushi/vec4 1, 0, 32;
    %add;
    %cast2;
    %store/vec4 v0x558443969d10_0, 0, 32;
T_9.9 ;
    %end;
    .scope S_0x558443886490;
t_24 %join;
    %fork t_27, S_0x5584439639e0;
    %jmp t_26;
    .scope S_0x5584439639e0;
t_27 ;
    %pushi/vec4 0, 0, 64;
    %store/vec4 v0x558443963ca0_0, 0, 64;
    %pushi/vec4 27, 0, 5;
    %ix/load 4, 59, 0;
    %flag_set/imm 4, 0;
    %store/vec4 v0x558443963ca0_0, 4, 5;
    %pushi/vec4 1, 0, 3;
    %ix/load 4, 56, 0;
    %flag_set/imm 4, 0;
    %store/vec4 v0x558443963ca0_0, 4, 3;
    %pushi/vec4 2, 0, 8;
    %ix/load 4, 20, 0;
    %flag_set/imm 4, 0;
    %store/vec4 v0x558443963ca0_0, 4, 8;
    %load/vec4 v0x558443963ca0_0;
    %pushi/vec4 2147483648, 0, 43;
    %concati/vec4 0, 0, 21;
    %or;
    %pushi/vec4 2147483648, 0, 44;
    %concati/vec4 0, 0, 20;
    %or;
    %store/vec4 v0x558443963d80_0, 0, 64;
    %alloc S_0x558443966070;
    %load/vec4 v0x558443963ca0_0;
    %pushi/vec4 0, 0, 64;
    %pushi/vec4 0, 0, 1;
    %store/vec4 v0x558443966430_0, 0, 1;
    %store/vec4 v0x558443966250_0, 0, 64;
    %store/vec4 v0x558443966350_0, 0, 64;
    %callf/vec4 TD_tb_lphy_sb_crc.ref_cp, S_0x558443966070;
    %free S_0x558443966070;
    %store/vec4 v0x558443963bc0_0, 0, 1;
    %alloc S_0x5584438fe3b0;
    %load/vec4 v0x558443963d80_0;
    %store/vec4 v0x558443960d00_0, 0, 64;
    %pushi/vec4 0, 0, 64;
    %store/vec4 v0x5584439345a0_0, 0, 64;
    %pushi/vec4 0, 0, 1;
    %store/vec4 v0x558443960de0_0, 0, 1;
    %pushi/vec4 1, 0, 1;
    %store/vec4 v0x558443960e80_0, 0, 1;
    %fork TD_tb_lphy_sb_crc.apply, S_0x5584438fe3b0;
    %join;
    %free S_0x5584438fe3b0;
    %load/vec4 v0x558443968f40_0;
    %load/vec4 v0x558443963bc0_0;
    %cmp/ne;
    %jmp/0xz  T_9.10, 6;
    %vpi_call/w 3 606 "$display", "  FAIL [D3-MaskBoth] cp_out=%b expected=%b (mask did not clear both bits)", v0x558443968f40_0, v0x558443963bc0_0 {0 0 0};
    ; show_stmt_assign_vector: Get l-value for compressed += operand
    %load/vec4 v0x558443969560_0;
    %pushi/vec4 1, 0, 32;
    %add;
    %cast2;
    %store/vec4 v0x558443969560_0, 0, 32;
    %jmp T_9.11;
T_9.10 ;
    %vpi_call/w 3 610 "$display", "  TX [D3-MaskBoth] cp_out=%b correct with both bits 52+51 pre-set  [PASS]", v0x558443968f40_0 {0 0 0};
    ; show_stmt_assign_vector: Get l-value for compressed += operand
    %load/vec4 v0x558443969d10_0;
    %pushi/vec4 1, 0, 32;
    %add;
    %cast2;
    %store/vec4 v0x558443969d10_0, 0, 32;
T_9.11 ;
    %end;
    .scope S_0x558443886490;
t_26 %join;
    %vpi_call/w 3 619 "$display", "\000" {0 0 0};
    %vpi_call/w 3 620 "$display", "--- Group E : Random stress (50 vectors \303\227 2 checks = 100) ---" {0 0 0};
    %fork t_29, S_0x558443963e70;
    %jmp t_28;
    .scope S_0x558443963e70;
t_29 ;
    %pushi/vec4 0, 0, 32;
    %store/vec4 v0x558443964150_0, 0, 32;
T_9.12 ;
    %load/vec4 v0x558443964150_0;
    %cmpi/s 50, 0, 32;
    %jmp/0xz T_9.13, 5;
    %vpi_func 3 630 "$random" 32 {0 0 0};
    %vpi_func 3 630 "$random" 32 {0 0 0};
    %concat/vec4; draw_concat_vec4
    %pushi/vec4 4293394431, 0, 32;
    %concati/vec4 4294967295, 0, 32;
    %and;
    %store/vec4 v0x5584439644f0_0, 0, 64;
    %vpi_func 3 631 "$random" 32 {0 0 0};
    %vpi_func 3 631 "$random" 32 {0 0 0};
    %concat/vec4; draw_concat_vec4
    %store/vec4 v0x558443964300_0, 0, 64;
    %vpi_func 3 632 "$random" 32 {0 0 0};
    %pad/s 1;
    %store/vec4 v0x5584439645d0_0, 0, 1;
    %alloc S_0x5584438fe3b0;
    %load/vec4 v0x5584439644f0_0;
    %store/vec4 v0x558443960d00_0, 0, 64;
    %load/vec4 v0x558443964300_0;
    %store/vec4 v0x5584439345a0_0, 0, 64;
    %load/vec4 v0x5584439645d0_0;
    %store/vec4 v0x558443960de0_0, 0, 1;
    %pushi/vec4 1, 0, 1;
    %store/vec4 v0x558443960e80_0, 0, 1;
    %fork TD_tb_lphy_sb_crc.apply, S_0x5584438fe3b0;
    %join;
    %free S_0x5584438fe3b0;
    %load/vec4 v0x558443968f40_0;
    %store/vec4 v0x558443964230_0, 0, 1;
    %load/vec4 v0x558443969490_0;
    %store/vec4 v0x5584439643e0_0, 0, 1;
    %alloc S_0x558443965a20;
    %load/vec4 v0x5584439644f0_0;
    %load/vec4 v0x558443964230_0;
    %load/vec4 v0x5584439643e0_0;
    %store/vec4 v0x558443965dc0_0, 0, 1;
    %store/vec4 v0x558443965d00_0, 0, 1;
    %store/vec4 v0x558443965c00_0, 0, 64;
    %callf/vec4 TD_tb_lphy_sb_crc.make_rx_hdr, S_0x558443965a20;
    %free S_0x558443965a20;
    %store/vec4 v0x558443964690_0, 0, 64;
    %alloc S_0x5584438fe3b0;
    %load/vec4 v0x558443964690_0;
    %store/vec4 v0x558443960d00_0, 0, 64;
    %load/vec4 v0x558443964300_0;
    %store/vec4 v0x5584439345a0_0, 0, 64;
    %load/vec4 v0x5584439645d0_0;
    %store/vec4 v0x558443960de0_0, 0, 1;
    %pushi/vec4 0, 0, 1;
    %store/vec4 v0x558443960e80_0, 0, 1;
    %fork TD_tb_lphy_sb_crc.apply, S_0x5584438fe3b0;
    %join;
    %free S_0x5584438fe3b0;
    %load/vec4 v0x558443969c40_0;
    %cmpi/ne 0, 0, 1;
    %jmp/0xz  T_9.14, 6;
    %vpi_call/w 3 643 "$display", "  FAIL [E-clean-%0d] parity_err=1 on clean round-trip", v0x558443964150_0 {0 0 0};
    ; show_stmt_assign_vector: Get l-value for compressed += operand
    %load/vec4 v0x558443969560_0;
    %pushi/vec4 1, 0, 32;
    %add;
    %cast2;
    %store/vec4 v0x558443969560_0, 0, 32;
    %jmp T_9.15;
T_9.14 ;
    ; show_stmt_assign_vector: Get l-value for compressed += operand
    %load/vec4 v0x558443969d10_0;
    %pushi/vec4 1, 0, 32;
    %add;
    %cast2;
    %store/vec4 v0x558443969d10_0, 0, 32;
T_9.15 ;
    %vpi_func 3 648 "$urandom_range" 32, 32'sb00000000000000000000000000000000, 32'sb00000000000000000000000000110001 {0 0 0};
    %cast2;
    %store/vec4 v0x558443964050_0, 0, 32;
    %load/vec4 v0x558443964690_0;
    %store/vec4 v0x558443964770_0, 0, 64;
    %load/vec4 v0x558443964770_0;
    %parti/s 1, 0, 2;
    %pushi/vec4 1, 0, 1;
    %xor;
    %ix/load 4, 0, 0;
    %flag_set/imm 4, 0;
    %store/vec4 v0x558443964770_0, 4, 1;
    %load/vec4 v0x558443964690_0;
    %pushi/vec4 1, 0, 64;
    %load/vec4 v0x558443964050_0;
    %ix/vec4 4;
    %shiftl 4;
    %xor;
    %store/vec4 v0x558443964770_0, 0, 64;
    %alloc S_0x5584438fe3b0;
    %load/vec4 v0x558443964770_0;
    %store/vec4 v0x558443960d00_0, 0, 64;
    %load/vec4 v0x558443964300_0;
    %store/vec4 v0x5584439345a0_0, 0, 64;
    %load/vec4 v0x5584439645d0_0;
    %store/vec4 v0x558443960de0_0, 0, 1;
    %pushi/vec4 0, 0, 1;
    %store/vec4 v0x558443960e80_0, 0, 1;
    %fork TD_tb_lphy_sb_crc.apply, S_0x5584438fe3b0;
    %join;
    %free S_0x5584438fe3b0;
    %load/vec4 v0x558443969c40_0;
    %cmpi/ne 1, 0, 1;
    %jmp/0xz  T_9.16, 6;
    %vpi_call/w 3 655 "$display", "  FAIL [E-flip-%0d] bit %0d flip not detected (parity_err=0)", v0x558443964150_0, v0x558443964050_0 {0 0 0};
    ; show_stmt_assign_vector: Get l-value for compressed += operand
    %load/vec4 v0x558443969560_0;
    %pushi/vec4 1, 0, 32;
    %add;
    %cast2;
    %store/vec4 v0x558443969560_0, 0, 32;
    %jmp T_9.17;
T_9.16 ;
    ; show_stmt_assign_vector: Get l-value for compressed += operand
    %load/vec4 v0x558443969d10_0;
    %pushi/vec4 1, 0, 32;
    %add;
    %cast2;
    %store/vec4 v0x558443969d10_0, 0, 32;
T_9.17 ;
    ; show_stmt_assign_vector: Get l-value for compressed += operand
    %load/vec4 v0x558443964150_0;
    %pushi/vec4 1, 0, 32;
    %add;
    %cast2;
    %store/vec4 v0x558443964150_0, 0, 32;
    %jmp T_9.12;
T_9.13 ;
    %vpi_call/w 3 661 "$display", "  Random stress complete: %0d vectors tested", 32'sb00000000000000000000000000110010 {0 0 0};
    %end;
    .scope S_0x558443886490;
t_28 %join;
    %vpi_call/w 3 667 "$display", "\000" {0 0 0};
    %vpi_call/w 3 668 "$display", "=============================================================" {0 0 0};
    %vpi_call/w 3 669 "$display", "  TEST SUMMARY" {0 0 0};
    %vpi_call/w 3 670 "$display", "  Passed : %0d", v0x558443969d10_0 {0 0 0};
    %vpi_call/w 3 671 "$display", "  Failed : %0d", v0x558443969560_0 {0 0 0};
    %load/vec4 v0x558443969d10_0;
    %load/vec4 v0x558443969560_0;
    %add;
    %vpi_call/w 3 672 "$display", "  Total  : %0d", S<0,vec4,s32> {1 0 0};
    %load/vec4 v0x558443969560_0;
    %cmpi/e 0, 0, 32;
    %flag_mov 8, 4;
    %jmp/0 T_9.18, 8;
    %pushi/vec4 0, 0, 32; draw_string_vec4
    %pushi/vec4 0, 0, 32; draw_string_vec4
    %concat/vec4; draw_string_vec4
    %pushi/vec4 2763306, 0, 32; draw_string_vec4
    %concat/vec4; draw_string_vec4
    %pushi/vec4 541150284, 0, 32; draw_string_vec4
    %concat/vec4; draw_string_vec4
    %pushi/vec4 542130515, 0, 32; draw_string_vec4
    %concat/vec4; draw_string_vec4
    %pushi/vec4 1394616874, 0, 32; draw_string_vec4
    %concat/vec4; draw_string_vec4
    %pushi/vec4 42, 0, 8; draw_string_vec4
    %concat/vec4; draw_string_vec4
    %jmp/1 T_9.19, 8;
T_9.18 ; End of true expr.
    %pushi/vec4 555819296, 0, 32; draw_string_vec4
    %pushi/vec4 1178683724, 0, 32; draw_string_vec4
    %concat/vec4; draw_string_vec4
    %pushi/vec4 1431455059, 0, 32; draw_string_vec4
    %concat/vec4; draw_string_vec4
    %pushi/vec4 541345108, 0, 32; draw_string_vec4
    %concat/vec4; draw_string_vec4
    %pushi/vec4 1162040389, 0, 32; draw_string_vec4
    %concat/vec4; draw_string_vec4
    %pushi/vec4 1142956321, 0, 32; draw_string_vec4
    %concat/vec4; draw_string_vec4
    %pushi/vec4 33, 0, 8; draw_string_vec4
    %concat/vec4; draw_string_vec4
    %jmp/0 T_9.19, 8;
 ; End of false expr.
    %blend;
T_9.19;
    %vpi_call/w 3 673 "$display", "  Result : %s", S<0,vec4,u200> {1 0 0};
    %vpi_call/w 3 676 "$display", "=============================================================" {0 0 0};
    %vpi_call/w 3 677 "$display", "\000" {0 0 0};
    %load/vec4 v0x558443969560_0;
    %cmpi/ne 0, 0, 32;
    %jmp/0xz  T_9.20, 4;
    %vpi_call/w 3 680 "$fatal", 32'sb00000000000000000000000000000001, "Testbench FAILED with %0d error(s)", v0x558443969560_0 {0 0 0};
T_9.20 ;
    %vpi_call/w 3 682 "$finish" {0 0 0};
    %end;
    .thread T_9;
    .scope S_0x558443886490;
T_10 ;
    %delay 500000000, 0;
    %vpi_call/w 3 692 "$fatal", 32'sb00000000000000000000000000000001, "[WATCHDOG] Simulation exceeded 500 us \342\200\224 aborting." {0 0 0};
    %end;
    .thread T_10;
    .scope S_0x558443886490;
T_11 ;
    %vpi_call/w 3 700 "$dumpfile", "tb_lphy_sb_crc.vcd" {0 0 0};
    %vpi_call/w 3 701 "$dumpvars", 32'sb00000000000000000000000000000000, S_0x558443886490 {0 0 0};
    %end;
    .thread T_11;
# The file index is used to find the file name in the following table.
:file_names 5;
    "N/A";
    "<interactive>";
    "-";
    "tb/tb_lphy_sb_crc.sv";
    "lphy_sb_crc.sv";
